Using pre-set license
Built from '2022.3/staging' branch; Version is '2022.3.17f1 (4fc78088f837) revision 5228416'; Using compiler version '192829333'; Build Type 'Release'
OS: 'Windows 11  (10.0.22631) 64bit Professional' Language: 'es' Physical Memory: 16165 MB
BatchMode: 1, IsHumanControllingUs: 0, StartBugReporterOnCrash: 0, Is64bit: 1, IsPro: 1

COMMAND LINE ARGUMENTS:
C:\Program Files\Unity\Hub\Editor\2022.3.17f1\Editor\Unity.exe
-adb2
-batchMode
-noUpm
-name
AssetImportWorker3
-projectPath
C:/Users/Sebastian Vargas/Documents/GitHub/Proyecto4Unity2D/Proyecto4_2D
-logFile
Logs/AssetImportWorker3.log
-srvPort
54271
Successfully changed project path to: C:/Users/Sebastian Vargas/Documents/GitHub/Proyecto4Unity2D/Proyecto4_2D
C:/Users/Sebastian Vargas/Documents/GitHub/Proyecto4Unity2D/Proyecto4_2D
[UnityMemory] Configuration Parameters - Can be set up in boot.config
    "memorysetup-bucket-allocator-granularity=16"
    "memorysetup-bucket-allocator-bucket-count=8"
    "memorysetup-bucket-allocator-block-size=33554432"
    "memorysetup-bucket-allocator-block-count=8"
    "memorysetup-main-allocator-block-size=16777216"
    "memorysetup-thread-allocator-block-size=16777216"
    "memorysetup-gfx-main-allocator-block-size=16777216"
    "memorysetup-gfx-thread-allocator-block-size=16777216"
    "memorysetup-cache-allocator-block-size=4194304"
    "memorysetup-typetree-allocator-block-size=2097152"
    "memorysetup-profiler-bucket-allocator-granularity=16"
    "memorysetup-profiler-bucket-allocator-bucket-count=8"
    "memorysetup-profiler-bucket-allocator-block-size=33554432"
    "memorysetup-profiler-bucket-allocator-block-count=8"
    "memorysetup-profiler-allocator-block-size=16777216"
    "memorysetup-profiler-editor-allocator-block-size=1048576"
    "memorysetup-temp-allocator-size-main=16777216"
    "memorysetup-job-temp-allocator-block-size=2097152"
    "memorysetup-job-temp-allocator-block-size-background=1048576"
    "memorysetup-job-temp-allocator-reduction-small-platforms=262144"
    "memorysetup-allocator-temp-initial-block-size-main=262144"
    "memorysetup-allocator-temp-initial-block-size-worker=262144"
    "memorysetup-temp-allocator-size-background-worker=32768"
    "memorysetup-temp-allocator-size-job-worker=262144"
    "memorysetup-temp-allocator-size-preload-manager=33554432"
    "memorysetup-temp-allocator-size-nav-mesh-worker=65536"
    "memorysetup-temp-allocator-size-audio-worker=65536"
    "memorysetup-temp-allocator-size-cloud-worker=32768"
    "memorysetup-temp-allocator-size-gi-baking-worker=262144"
    "memorysetup-temp-allocator-size-gfx=262144"
Player connection [19864] Host "[IP] 172.17.192.1 [Port] 0 [Flags] 2 [Guid] 1906385899 [EditorId] 1906385899 [Version] 1048832 [Id] WindowsEditor(7,DESKTOP-30OHE0J) [Debug] 1 [PackageName] WindowsEditor [ProjectName] Editor" joined multi-casting on [225.0.0.222:54997]...

Player connection [19864] Host "[IP] 172.17.192.1 [Port] 0 [Flags] 2 [Guid] 1906385899 [EditorId] 1906385899 [Version] 1048832 [Id] WindowsEditor(7,DESKTOP-30OHE0J) [Debug] 1 [PackageName] WindowsEditor [ProjectName] Editor" joined alternative multi-casting on [225.0.0.222:34997]...

[Physics::Module] Initialized MultithreadedJobDispatcher with 11 workers.
Refreshing native plugins compatible for Editor in 10.72 ms, found 4 plugins.
Preloading 0 native plugins for Editor in 0.00 ms.
Initialize engine version: 2022.3.17f1 (4fc78088f837)
[Subsystems] Discovering subsystems at path C:/Program Files/Unity/Hub/Editor/2022.3.17f1/Editor/Data/Resources/UnitySubsystems
[Subsystems] Discovering subsystems at path C:/Users/Sebastian Vargas/Documents/GitHub/Proyecto4Unity2D/Proyecto4_2D/Assets
GfxDevice: creating device client; threaded=0; jobified=0
Direct3D:
    Version:  Direct3D 11.0 [level 11.1]
    Renderer: NVIDIA GeForce RTX 3060 (ID=0x2504)
    Vendor:   NVIDIA
    VRAM:     12115 MB
    Driver:   32.0.15.6636
Initialize mono
Mono path[0] = 'C:/Program Files/Unity/Hub/Editor/2022.3.17f1/Editor/Data/Managed'
Mono path[1] = 'C:/Program Files/Unity/Hub/Editor/2022.3.17f1/Editor/Data/MonoBleedingEdge/lib/mono/unityjit-win32'
Mono config path = 'C:/Program Files/Unity/Hub/Editor/2022.3.17f1/Editor/Data/MonoBleedingEdge/etc'
Using monoOptions --debugger-agent=transport=dt_socket,embedding=1,server=y,suspend=n,address=127.0.0.1:56400
Begin MonoManager ReloadAssembly
Registering precompiled unity dll's ...
Register platform support module: C:/Program Files/Unity/Hub/Editor/2022.3.17f1/Editor/Data/PlaybackEngines/WindowsStandaloneSupport/UnityEditor.WindowsStandalone.Extensions.dll
Registered in 0.005629 seconds.
- Loaded All Assemblies, in  0.305 seconds
Native extension for WindowsStandalone target not found
Mono: successfully reloaded assembly
- Finished resetting the current domain, in  0.250 seconds
Domain Reload Profiling: 554ms
	BeginReloadAssembly (96ms)
		ExecutionOrderSort (0ms)
		DisableScriptedObjects (0ms)
		BackupInstance (0ms)
		ReleaseScriptingObjects (0ms)
		CreateAndSetChildDomain (1ms)
	RebuildCommonClasses (29ms)
	RebuildNativeTypeToScriptingClass (9ms)
	initialDomainReloadingComplete (53ms)
	LoadAllAssembliesAndSetupDomain (116ms)
		LoadAssemblies (94ms)
		RebuildTransferFunctionScriptingTraits (0ms)
		AnalyzeDomain (114ms)
			TypeCache.Refresh (113ms)
				TypeCache.ScanAssembly (103ms)
			ScanForSourceGeneratedMonoScriptInfo (0ms)
			ResolveRequiredComponents (0ms)
	FinalizeReload (250ms)
		ReleaseScriptCaches (0ms)
		RebuildScriptCaches (0ms)
		SetupLoadedEditorAssemblies (199ms)
			LogAssemblyErrors (0ms)
			InitializePlatformSupportModulesInManaged (9ms)
			SetLoadedEditorAssemblies (7ms)
			RefreshPlugins (0ms)
			BeforeProcessingInitializeOnLoad (2ms)
			ProcessInitializeOnLoadAttributes (135ms)
			ProcessInitializeOnLoadMethodAttributes (46ms)
			AfterProcessingInitializeOnLoad (0ms)
			EditorAssembliesLoaded (0ms)
		ExecutionOrderSort2 (0ms)
		AwakeInstancesAfterBackupRestoration (0ms)
========================================================================
Worker process is ready to serve import requests
Begin MonoManager ReloadAssembly
- Loaded All Assemblies, in  0.622 seconds
Refreshing native plugins compatible for Editor in 4.19 ms, found 4 plugins.
Native extension for WindowsStandalone target not found
Package Manager log level set to [2]
[Package Manager] Server::EnsureServerProcessIsRunning -- launch failed, reason: Unity was launched with the -noUpm command-line argument
[Package Manager] UpmClient::Send -- Unable to send message (not connected to UPM process).
[Package Manager] Cannot connect to Unity Package Manager local server
Mono: successfully reloaded assembly
- Finished resetting the current domain, in  0.691 seconds
Domain Reload Profiling: 1310ms
	BeginReloadAssembly (137ms)
		ExecutionOrderSort (0ms)
		DisableScriptedObjects (4ms)
		BackupInstance (0ms)
		ReleaseScriptingObjects (0ms)
		CreateAndSetChildDomain (16ms)
	RebuildCommonClasses (26ms)
	RebuildNativeTypeToScriptingClass (9ms)
	initialDomainReloadingComplete (37ms)
	LoadAllAssembliesAndSetupDomain (410ms)
		LoadAssemblies (330ms)
		RebuildTransferFunctionScriptingTraits (0ms)
		AnalyzeDomain (155ms)
			TypeCache.Refresh (129ms)
				TypeCache.ScanAssembly (117ms)
			ScanForSourceGeneratedMonoScriptInfo (21ms)
			ResolveRequiredComponents (4ms)
	FinalizeReload (691ms)
		ReleaseScriptCaches (0ms)
		RebuildScriptCaches (0ms)
		SetupLoadedEditorAssemblies (549ms)
			LogAssemblyErrors (0ms)
			InitializePlatformSupportModulesInManaged (6ms)
			SetLoadedEditorAssemblies (4ms)
			RefreshPlugins (0ms)
			BeforeProcessingInitializeOnLoad (102ms)
			ProcessInitializeOnLoadAttributes (396ms)
			ProcessInitializeOnLoadMethodAttributes (34ms)
			AfterProcessingInitializeOnLoad (6ms)
			EditorAssembliesLoaded (0ms)
		ExecutionOrderSort2 (0ms)
		AwakeInstancesAfterBackupRestoration (5ms)
Launched and connected shader compiler UnityShaderCompiler.exe after 0.03 seconds
Refreshing native plugins compatible for Editor in 4.63 ms, found 4 plugins.
Preloading 0 native plugins for Editor in 0.00 ms.
Unloading 4425 Unused Serialized files (Serialized files now loaded: 0)
Unloading 77 unused Assets / (246.1 KB). Loaded Objects now: 4885.
Memory consumption went from 153.3 MB to 153.0 MB.
Total: 2.835100 ms (FindLiveObjects: 0.204500 ms CreateObjectMapping: 0.106800 ms MarkObjects: 2.355400 ms  DeleteObjects: 0.167500 ms)

AssetImportParameters requested are different than current active one (requested -> active):
  custom:container-demuxer-ogg: 62fdf1f143b41e24485cea50d1cbac27 -> 
  custom:video-decoder-ogg-theora: a1e56fd34408186e4bbccfd4996cb3dc -> 
  custom:framework-win-MediaFoundation: 216162199b28c13a410421893ffa2e32 -> 
  custom:CustomObjectIndexerAttribute: 6d391050e5a25f67b0a2c618074f2cd9 -> 
  custom:container-demuxer-webm: 4f35f7cbe854078d1ac9338744f61a02 -> 
  custom:container-muxer-webm: aa71ff27fc2769a1b78a27578f13a17b -> 
  custom:video-decoder-webm-vp8: 9c59270c3fd7afecdb556c50c9e8de78 -> 
  custom:SearchIndexIgnoredProperties: e643bd26f0fe6173181afceb89e7c659 -> 
  custom:AudioImporter_EditorPlatform: d09bf68614088b80899f8185d706f6e7 -> 
  custom:video-encoder-webm-vp8: eb34c28f22e8b96e1ab97ce403110664 -> 
  custom:audio-decoder-ogg-vorbis: bf7c407c2cedff20999df2af8eb42d56 -> 
  custom:audio-encoder-webm-vorbis: bf7c407c2cedff20999df2af8eb42d56 -> 
========================================================================
Received Import Request.
  Time since last request: 496105.272637 seconds.
  path: Assets/Material/Palette/tileset-sliced_22.asset
  artifactKey: Guid(2383b3211f06af14ca32831c40ec3f5a) Importer(815301076,1909f56bfc062723c751e8b465ee728b)
Start importing Assets/Material/Palette/tileset-sliced_22.asset using Guid(2383b3211f06af14ca32831c40ec3f5a) Importer(815301076,1909f56bfc062723c751e8b465ee728b)  -> (artifact id: 'd1c1b827e18b345cde344e066de9aaef') in 0.077360 seconds
Number of updated asset objects reloaded before import = 0
Number of asset objects unloaded after import = 3
========================================================================
Received Import Request.
  Time since last request: 0.007985 seconds.
  path: Assets/Material/Palette/tileset-sliced_30.asset
  artifactKey: Guid(02beba32059fee847b99228fe17cc260) Importer(815301076,1909f56bfc062723c751e8b465ee728b)
Start importing Assets/Material/Palette/tileset-sliced_30.asset using Guid(02beba32059fee847b99228fe17cc260) Importer(815301076,1909f56bfc062723c751e8b465ee728b)  -> (artifact id: '3871e56c23455efc153fa1423cef28a6') in 0.009648 seconds
Number of updated asset objects reloaded before import = 0
Number of asset objects unloaded after import = 3
========================================================================
Received Import Request.
  Time since last request: 0.000014 seconds.
  path: Assets/Material/Palette/tileset-sliced_31.asset
  artifactKey: Guid(4ffb444a959ac6141b1dccc237008a91) Importer(815301076,1909f56bfc062723c751e8b465ee728b)
Start importing Assets/Material/Palette/tileset-sliced_31.asset using Guid(4ffb444a959ac6141b1dccc237008a91) Importer(815301076,1909f56bfc062723c751e8b465ee728b)  -> (artifact id: '754ae533d09e849144e890790cc6a2c1') in 0.009878 seconds
Number of updated asset objects reloaded before import = 0
Number of asset objects unloaded after import = 3
========================================================================
Received Import Request.
  Time since last request: 0.363675 seconds.
  path: Assets/Material/Palette/tileset-sliced_34.asset
  artifactKey: Guid(cf5e09be4daf2324490d32b6485ad50b) Importer(815301076,1909f56bfc062723c751e8b465ee728b)
Start importing Assets/Material/Palette/tileset-sliced_34.asset using Guid(cf5e09be4daf2324490d32b6485ad50b) Importer(815301076,1909f56bfc062723c751e8b465ee728b)  -> (artifact id: '990f2993c84555d8c89875e475a50661') in 0.006264 seconds
Number of updated asset objects reloaded before import = 0
Number of asset objects unloaded after import = 3
========================================================================
Received Import Request.
  Time since last request: 0.000015 seconds.
  path: Assets/Material/Palette/tileset-sliced_35.asset
  artifactKey: Guid(ac945cf48ceba58489f499a009e9fafe) Importer(815301076,1909f56bfc062723c751e8b465ee728b)
Start importing Assets/Material/Palette/tileset-sliced_35.asset using Guid(ac945cf48ceba58489f499a009e9fafe) Importer(815301076,1909f56bfc062723c751e8b465ee728b)  -> (artifact id: 'bf9dd0790c8233e9e04fe9373e93a80c') in 0.009948 seconds
Number of updated asset objects reloaded before import = 0
Number of asset objects unloaded after import = 3
========================================================================
Received Import Request.
  Time since last request: 0.008775 seconds.
  path: Assets/Material/Palette/tileset-sliced_38.asset
  artifactKey: Guid(72b3628174576f24ab36e2291882764e) Importer(815301076,1909f56bfc062723c751e8b465ee728b)
Start importing Assets/Material/Palette/tileset-sliced_38.asset using Guid(72b3628174576f24ab36e2291882764e) Importer(815301076,1909f56bfc062723c751e8b465ee728b)  -> (artifact id: '5f798a00848e216730f21ea83a607af6') in 0.011864 seconds
Number of updated asset objects reloaded before import = 0
Number of asset objects unloaded after import = 3
========================================================================
Received Import Request.
  Time since last request: 0.020465 seconds.
  path: Assets/Material/Palette/tileset-sliced_42.asset
  artifactKey: Guid(1a5f64d173c09c74593b96319833817b) Importer(815301076,1909f56bfc062723c751e8b465ee728b)
Start importing Assets/Material/Palette/tileset-sliced_42.asset using Guid(1a5f64d173c09c74593b96319833817b) Importer(815301076,1909f56bfc062723c751e8b465ee728b)  -> (artifact id: 'b07ec182e1b0cd7d6f58df03779c73fc') in 0.009844 seconds
Number of updated asset objects reloaded before import = 0
Number of asset objects unloaded after import = 3
========================================================================
Received Import Request.
  Time since last request: 0.460419 seconds.
  path: Assets/Material/Palette/tileset-sliced_46.asset
  artifactKey: Guid(c5811c0f68bfe384cb340b9280f8f959) Importer(815301076,1909f56bfc062723c751e8b465ee728b)
Start importing Assets/Material/Palette/tileset-sliced_46.asset using Guid(c5811c0f68bfe384cb340b9280f8f959) Importer(815301076,1909f56bfc062723c751e8b465ee728b)  -> (artifact id: '4fa08e0a908f5713c072ab904cab76f1') in 0.009898 seconds
Number of updated asset objects reloaded before import = 0
Number of asset objects unloaded after import = 3
========================================================================
Received Import Request.
  Time since last request: 0.000015 seconds.
  path: Assets/Material/Palette/tileset-sliced_47.asset
  artifactKey: Guid(4ba8e66afec28e747bcf4a970b7137ac) Importer(815301076,1909f56bfc062723c751e8b465ee728b)
Start importing Assets/Material/Palette/tileset-sliced_47.asset using Guid(4ba8e66afec28e747bcf4a970b7137ac) Importer(815301076,1909f56bfc062723c751e8b465ee728b)  -> (artifact id: '2f547d82da8a4ab8b9698bdad2ba3d84') in 0.009556 seconds
Number of updated asset objects reloaded before import = 0
Number of asset objects unloaded after import = 3
========================================================================
Received Import Request.
  Time since last request: 0.006150 seconds.
  path: Assets/Material/Palette/tileset-sliced_50.asset
  artifactKey: Guid(54567bc7c016ed34a89a058fb6c4bcb5) Importer(815301076,1909f56bfc062723c751e8b465ee728b)
Start importing Assets/Material/Palette/tileset-sliced_50.asset using Guid(54567bc7c016ed34a89a058fb6c4bcb5) Importer(815301076,1909f56bfc062723c751e8b465ee728b)  -> (artifact id: '610e933fc722755b7bf71e110a4808cb') in 0.010166 seconds
Number of updated asset objects reloaded before import = 0
Number of asset objects unloaded after import = 3
========================================================================
Received Import Request.
  Time since last request: 0.043645 seconds.
  path: Assets/Material/Palette/tileset-sliced_54.asset
  artifactKey: Guid(6bcfc09b8a5206a4588e2ae80c20ca9a) Importer(815301076,1909f56bfc062723c751e8b465ee728b)
Start importing Assets/Material/Palette/tileset-sliced_54.asset using Guid(6bcfc09b8a5206a4588e2ae80c20ca9a) Importer(815301076,1909f56bfc062723c751e8b465ee728b)  -> (artifact id: 'dc691d4f5c44d45ac5e2a8404bf2cdb9') in 0.006296 seconds
Number of updated asset objects reloaded before import = 0
Number of asset objects unloaded after import = 3
========================================================================
Received Import Request.
  Time since last request: 0.000012 seconds.
  path: Assets/Material/Palette/tileset-sliced_55.asset
  artifactKey: Guid(0e057cc9d7eae1349998bcb27f87aacf) Importer(815301076,1909f56bfc062723c751e8b465ee728b)
Start importing Assets/Material/Palette/tileset-sliced_55.asset using Guid(0e057cc9d7eae1349998bcb27f87aacf) Importer(815301076,1909f56bfc062723c751e8b465ee728b)  -> (artifact id: '78997dcdef6f9b00777e8ddb62571fd3') in 0.004670 seconds
Number of updated asset objects reloaded before import = 0
Number of asset objects unloaded after import = 3
========================================================================
Received Import Request.
  Time since last request: 0.038078 seconds.
  path: Assets/Material/Palette/tileset-sliced_58.asset
  artifactKey: Guid(e7525079735b06a439e9c2aeb4332200) Importer(815301076,1909f56bfc062723c751e8b465ee728b)
Start importing Assets/Material/Palette/tileset-sliced_58.asset using Guid(e7525079735b06a439e9c2aeb4332200) Importer(815301076,1909f56bfc062723c751e8b465ee728b)  -> (artifact id: '59d072b6ff2fad4ccf0311d28a4572a0') in 0.009926 seconds
Number of updated asset objects reloaded before import = 0
Number of asset objects unloaded after import = 3
========================================================================
Received Import Request.
  Time since last request: 55.513058 seconds.
  path: Assets/Material/Palette/tileset-sliced_62.asset
  artifactKey: Guid(38249ec4b03edb1449d63de5935cd6e3) Importer(815301076,1909f56bfc062723c751e8b465ee728b)
Start importing Assets/Material/Palette/tileset-sliced_62.asset using Guid(38249ec4b03edb1449d63de5935cd6e3) Importer(815301076,1909f56bfc062723c751e8b465ee728b)  -> (artifact id: '080b845fc8e8e479bd4811f711eff083') in 0.013544 seconds
Number of updated asset objects reloaded before import = 0
Number of asset objects unloaded after import = 3
========================================================================
Received Import Request.
  Time since last request: 0.273691 seconds.
  path: Assets/Material/Palette/tileset-sliced_65.asset
  artifactKey: Guid(3cabc38d0cae2a243bf25d83c016b30f) Importer(815301076,1909f56bfc062723c751e8b465ee728b)
Start importing Assets/Material/Palette/tileset-sliced_65.asset using Guid(3cabc38d0cae2a243bf25d83c016b30f) Importer(815301076,1909f56bfc062723c751e8b465ee728b)  -> (artifact id: '731ff22fef434be6c44afda1e4360077') in 0.007008 seconds
Number of updated asset objects reloaded before import = 0
Number of asset objects unloaded after import = 3
========================================================================
Received Import Request.
  Time since last request: 0.023433 seconds.
  path: Assets/Material/Palette/tileset-sliced_69.asset
  artifactKey: Guid(d5b3db86c51efab44ad56a73974bcdaa) Importer(815301076,1909f56bfc062723c751e8b465ee728b)
Start importing Assets/Material/Palette/tileset-sliced_69.asset using Guid(d5b3db86c51efab44ad56a73974bcdaa) Importer(815301076,1909f56bfc062723c751e8b465ee728b)  -> (artifact id: '91cdd67de7ebb7b91ea25300cc560afe') in 0.005751 seconds
Number of updated asset objects reloaded before import = 0
Number of asset objects unloaded after import = 3
========================================================================
Received Import Request.
  Time since last request: 0.000020 seconds.
  path: Assets/Material/Palette/tileset-sliced_70.asset
  artifactKey: Guid(4a9805f054360ab44ac00612a94f514a) Importer(815301076,1909f56bfc062723c751e8b465ee728b)
Start importing Assets/Material/Palette/tileset-sliced_70.asset using Guid(4a9805f054360ab44ac00612a94f514a) Importer(815301076,1909f56bfc062723c751e8b465ee728b)  -> (artifact id: '2aca38e2b9061687f9b5b1722e63d41a') in 0.006857 seconds
Number of updated asset objects reloaded before import = 0
Number of asset objects unloaded after import = 3
========================================================================
Received Import Request.
  Time since last request: 0.013056 seconds.
  path: Assets/Material/Palette/tileset-sliced_73.asset
  artifactKey: Guid(c284c2dd9e87db54fb44617e1ba9e9cf) Importer(815301076,1909f56bfc062723c751e8b465ee728b)
Start importing Assets/Material/Palette/tileset-sliced_73.asset using Guid(c284c2dd9e87db54fb44617e1ba9e9cf) Importer(815301076,1909f56bfc062723c751e8b465ee728b)  -> (artifact id: 'e06c181449b8e4c294dbc7b6c3c713a5') in 0.011753 seconds
Number of updated asset objects reloaded before import = 0
Number of asset objects unloaded after import = 3
========================================================================
Received Import Request.
  Time since last request: 0.230112 seconds.
  path: Assets/Material/Palette/tileset-sliced_77.asset
  artifactKey: Guid(77d81926e0087314e9cb7991568668ac) Importer(815301076,1909f56bfc062723c751e8b465ee728b)
Start importing Assets/Material/Palette/tileset-sliced_77.asset using Guid(77d81926e0087314e9cb7991568668ac) Importer(815301076,1909f56bfc062723c751e8b465ee728b)  -> (artifact id: '28b0ca1a9f711f76c7f7893bfda83a71') in 0.011673 seconds
Number of updated asset objects reloaded before import = 0
Number of asset objects unloaded after import = 3
========================================================================
Received Import Request.
  Time since last request: 0.038413 seconds.
  path: Assets/Material/Palette/tileset-sliced_81.asset
  artifactKey: Guid(025da23593e2f85429caa00cb0fd237d) Importer(815301076,1909f56bfc062723c751e8b465ee728b)
Start importing Assets/Material/Palette/tileset-sliced_81.asset using Guid(025da23593e2f85429caa00cb0fd237d) Importer(815301076,1909f56bfc062723c751e8b465ee728b)  -> (artifact id: 'c687d30957556a92e7072bfdb3e33c5a') in 0.010993 seconds
Number of updated asset objects reloaded before import = 0
Number of asset objects unloaded after import = 3
========================================================================
Received Import Request.
  Time since last request: 0.000012 seconds.
  path: Assets/Material/Palette/tileset-sliced_85.asset
  artifactKey: Guid(047594eca8d48b04194c53239e2bfa9c) Importer(815301076,1909f56bfc062723c751e8b465ee728b)
Start importing Assets/Material/Palette/tileset-sliced_85.asset using Guid(047594eca8d48b04194c53239e2bfa9c) Importer(815301076,1909f56bfc062723c751e8b465ee728b)  -> (artifact id: '559c6f9e41fbe661d02b81010f140b9f') in 0.004620 seconds
Number of updated asset objects reloaded before import = 0
Number of asset objects unloaded after import = 3
========================================================================
Received Import Request.
  Time since last request: 0.000013 seconds.
  path: Assets/Material/Palette/tileset-sliced_84.asset
  artifactKey: Guid(57a246e449388d3418694fba892dcf82) Importer(815301076,1909f56bfc062723c751e8b465ee728b)
Start importing Assets/Material/Palette/tileset-sliced_84.asset using Guid(57a246e449388d3418694fba892dcf82) Importer(815301076,1909f56bfc062723c751e8b465ee728b)  -> (artifact id: '2fd4100afa9ceb73c604bc4f4731d56e') in 0.005609 seconds
Number of updated asset objects reloaded before import = 0
Number of asset objects unloaded after import = 3
========================================================================
Received Import Request.
  Time since last request: 0.245581 seconds.
  path: Assets/Material/Palette/tileset-sliced_89.asset
  artifactKey: Guid(ec5c535f89ba2394f933660ae29b2862) Importer(815301076,1909f56bfc062723c751e8b465ee728b)
Start importing Assets/Material/Palette/tileset-sliced_89.asset using Guid(ec5c535f89ba2394f933660ae29b2862) Importer(815301076,1909f56bfc062723c751e8b465ee728b)  -> (artifact id: 'ba7dbdb5d67c58f5f6e75a844094fd9a') in 0.016574 seconds
Number of updated asset objects reloaded before import = 0
Number of asset objects unloaded after import = 3
========================================================================
Received Import Request.
  Time since last request: 0.000015 seconds.
  path: Assets/Material/Palette/tileset-sliced_90.asset
  artifactKey: Guid(bdb40689478ee7842bb427d91f91e45e) Importer(815301076,1909f56bfc062723c751e8b465ee728b)
Start importing Assets/Material/Palette/tileset-sliced_90.asset using Guid(bdb40689478ee7842bb427d91f91e45e) Importer(815301076,1909f56bfc062723c751e8b465ee728b)  -> (artifact id: 'bcc616e01d8ed79a68e84fcc0b535121') in 0.013397 seconds
Number of updated asset objects reloaded before import = 0
Number of asset objects unloaded after import = 3
========================================================================
Received Import Request.
  Time since last request: 38.048136 seconds.
  path: Assets/Material/Tiles/tileset-sliced_2.asset
  artifactKey: Guid(622f375a6dd15564b967280677ac8d5b) Importer(815301076,1909f56bfc062723c751e8b465ee728b)
Start importing Assets/Material/Tiles/tileset-sliced_2.asset using Guid(622f375a6dd15564b967280677ac8d5b) Importer(815301076,1909f56bfc062723c751e8b465ee728b)  -> (artifact id: '36c3151e1bbe2accb8408740412ca0d6') in 0.015127 seconds
Number of updated asset objects reloaded before import = 0
Number of asset objects unloaded after import = 3
========================================================================
Received Import Request.
  Time since last request: 0.000069 seconds.
  path: Assets/Material/Tiles/tileset-sliced_7.asset
  artifactKey: Guid(8f4e6a23af9c64f4b8b62f03194fb7a1) Importer(815301076,1909f56bfc062723c751e8b465ee728b)
Start importing Assets/Material/Tiles/tileset-sliced_7.asset using Guid(8f4e6a23af9c64f4b8b62f03194fb7a1) Importer(815301076,1909f56bfc062723c751e8b465ee728b)  -> (artifact id: '68ea22e2010f6edee4bf95e2d516a505') in 0.008966 seconds
Number of updated asset objects reloaded before import = 0
Number of asset objects unloaded after import = 3
========================================================================
Received Import Request.
  Time since last request: 0.000015 seconds.
  path: Assets/Material/Tiles/tileset-sliced_10.asset
  artifactKey: Guid(e4be2ae6d92eb9b43b3e6bc6a2f54ca9) Importer(815301076,1909f56bfc062723c751e8b465ee728b)
Start importing Assets/Material/Tiles/tileset-sliced_10.asset using Guid(e4be2ae6d92eb9b43b3e6bc6a2f54ca9) Importer(815301076,1909f56bfc062723c751e8b465ee728b)  -> (artifact id: 'f46247a5f4a15e25280f41ea32530e63') in 0.008222 seconds
Number of updated asset objects reloaded before import = 0
Number of asset objects unloaded after import = 3
========================================================================
Received Import Request.
  Time since last request: 0.000019 seconds.
  path: Assets/Material/Tiles/tileset-sliced_8.asset
  artifactKey: Guid(51aec9271718b6c4aae77ab995274ca5) Importer(815301076,1909f56bfc062723c751e8b465ee728b)
Start importing Assets/Material/Tiles/tileset-sliced_8.asset using Guid(51aec9271718b6c4aae77ab995274ca5) Importer(815301076,1909f56bfc062723c751e8b465ee728b)  -> (artifact id: '1eb9d2bdca24d236fc67da5042e1ef4e') in 0.005298 seconds
Number of updated asset objects reloaded before import = 0
Number of asset objects unloaded after import = 3
========================================================================
Received Import Request.
  Time since last request: 0.000017 seconds.
  path: Assets/Material/Tiles/tileset-sliced_6.asset
  artifactKey: Guid(62632cd9dd1993c44868e18d65711461) Importer(815301076,1909f56bfc062723c751e8b465ee728b)
Start importing Assets/Material/Tiles/tileset-sliced_6.asset using Guid(62632cd9dd1993c44868e18d65711461) Importer(815301076,1909f56bfc062723c751e8b465ee728b)  -> (artifact id: '7278ff3cd491f2e80647a9f581f5f9e9') in 0.011308 seconds
Number of updated asset objects reloaded before import = 0
Number of asset objects unloaded after import = 3
========================================================================
Received Import Request.
  Time since last request: 0.820998 seconds.
  path: Assets/Material/Tiles/tileset-sliced_17.asset
  artifactKey: Guid(5e5f4f2d010b5ad45a405952eaa48a13) Importer(815301076,1909f56bfc062723c751e8b465ee728b)
Start importing Assets/Material/Tiles/tileset-sliced_17.asset using Guid(5e5f4f2d010b5ad45a405952eaa48a13) Importer(815301076,1909f56bfc062723c751e8b465ee728b)  -> (artifact id: '3335ef4df46f866eb18ea444e81a2ead') in 0.013605 seconds
Number of updated asset objects reloaded before import = 0
Number of asset objects unloaded after import = 3
========================================================================
Received Import Request.
  Time since last request: 0.113370 seconds.
  path: Assets/Material/Tiles/tileset-sliced_21.asset
  artifactKey: Guid(4cdb254c416e23e4bb830afb32d2c4d5) Importer(815301076,1909f56bfc062723c751e8b465ee728b)
Start importing Assets/Material/Tiles/tileset-sliced_21.asset using Guid(4cdb254c416e23e4bb830afb32d2c4d5) Importer(815301076,1909f56bfc062723c751e8b465ee728b)  -> (artifact id: '7ed4a99df86b1b0a6d793f67c848d031') in 0.012744 seconds
Number of updated asset objects reloaded before import = 0
Number of asset objects unloaded after import = 3
========================================================================
Received Import Request.
  Time since last request: 0.046312 seconds.
  path: Assets/Material/Tiles/tileset-sliced_25.asset
  artifactKey: Guid(76aab2909bacd224ca514e083fb39d67) Importer(815301076,1909f56bfc062723c751e8b465ee728b)
Start importing Assets/Material/Tiles/tileset-sliced_25.asset using Guid(76aab2909bacd224ca514e083fb39d67) Importer(815301076,1909f56bfc062723c751e8b465ee728b)  -> (artifact id: '5511c43d68a2da7e046527a4f6e2ff15') in 0.003899 seconds
Number of updated asset objects reloaded before import = 0
Number of asset objects unloaded after import = 3
========================================================================
Received Import Request.
  Time since last request: 0.360428 seconds.
  path: Assets/Material/Tiles/tileset-sliced_29.asset
  artifactKey: Guid(d8ae653e58f029f4a9ba320c5316ee2a) Importer(815301076,1909f56bfc062723c751e8b465ee728b)
Start importing Assets/Material/Tiles/tileset-sliced_29.asset using Guid(d8ae653e58f029f4a9ba320c5316ee2a) Importer(815301076,1909f56bfc062723c751e8b465ee728b)  -> (artifact id: 'c98a22983eb906168f9032e77292a6a2') in 0.010944 seconds
Number of updated asset objects reloaded before import = 0
Number of asset objects unloaded after import = 3
========================================================================
Received Import Request.
  Time since last request: 0.015955 seconds.
  path: Assets/Material/Tiles/tileset-sliced_33.asset
  artifactKey: Guid(0f47b232e189f404aacd889466b9bb5c) Importer(815301076,1909f56bfc062723c751e8b465ee728b)
Start importing Assets/Material/Tiles/tileset-sliced_33.asset using Guid(0f47b232e189f404aacd889466b9bb5c) Importer(815301076,1909f56bfc062723c751e8b465ee728b)  -> (artifact id: 'b88dfb3fe002a8bd77534a9e1cad0730') in 0.004302 seconds
Number of updated asset objects reloaded before import = 0
Number of asset objects unloaded after import = 3
========================================================================
Received Import Request.
  Time since last request: 0.000014 seconds.
  path: Assets/Material/Tiles/tileset-sliced_34.asset
  artifactKey: Guid(bde2059ac99a3af42bb8792cd9937ce6) Importer(815301076,1909f56bfc062723c751e8b465ee728b)
Start importing Assets/Material/Tiles/tileset-sliced_34.asset using Guid(bde2059ac99a3af42bb8792cd9937ce6) Importer(815301076,1909f56bfc062723c751e8b465ee728b)  -> (artifact id: '2e8282b6da6da310fb90a42639f4b2bd') in 0.004154 seconds
Number of updated asset objects reloaded before import = 0
Number of asset objects unloaded after import = 3
========================================================================
Received Import Request.
  Time since last request: 0.027718 seconds.
  path: Assets/Material/Tiles/tileset-sliced_37.asset
  artifactKey: Guid(4e0a072d8fde4bf41a29eb3339c2c019) Importer(815301076,1909f56bfc062723c751e8b465ee728b)
Start importing Assets/Material/Tiles/tileset-sliced_37.asset using Guid(4e0a072d8fde4bf41a29eb3339c2c019) Importer(815301076,1909f56bfc062723c751e8b465ee728b)  -> (artifact id: '5f7e511f7914ae194f71fecf092c6477') in 0.004417 seconds
Number of updated asset objects reloaded before import = 0
Number of asset objects unloaded after import = 3
========================================================================
Received Import Request.
  Time since last request: 0.000021 seconds.
  path: Assets/Material/Tiles/tileset-sliced_38.asset
  artifactKey: Guid(cb0e8e830afe9d04e8e37ad5cab2f233) Importer(815301076,1909f56bfc062723c751e8b465ee728b)
Start importing Assets/Material/Tiles/tileset-sliced_38.asset using Guid(cb0e8e830afe9d04e8e37ad5cab2f233) Importer(815301076,1909f56bfc062723c751e8b465ee728b)  -> (artifact id: 'cf7648ea01800641a7e4fa8a497a6a95') in 0.009594 seconds
Number of updated asset objects reloaded before import = 0
Number of asset objects unloaded after import = 3
========================================================================
Received Import Request.
  Time since last request: 0.304862 seconds.
  path: Assets/Material/Tiles/tileset-sliced_41.asset
  artifactKey: Guid(38adb19101bbcb248af8e3fd3e9c1125) Importer(815301076,1909f56bfc062723c751e8b465ee728b)
Start importing Assets/Material/Tiles/tileset-sliced_41.asset using Guid(38adb19101bbcb248af8e3fd3e9c1125) Importer(815301076,1909f56bfc062723c751e8b465ee728b)  -> (artifact id: '2287ce2307f31e54e50305e5328a545d') in 0.005519 seconds
Number of updated asset objects reloaded before import = 0
Number of asset objects unloaded after import = 3
========================================================================
Received Import Request.
  Time since last request: 0.008295 seconds.
  path: Assets/Material/Tiles/tileset-sliced_45.asset
  artifactKey: Guid(5c774226b76b8a6498533a9c9cc4ef22) Importer(815301076,1909f56bfc062723c751e8b465ee728b)
Start importing Assets/Material/Tiles/tileset-sliced_45.asset using Guid(5c774226b76b8a6498533a9c9cc4ef22) Importer(815301076,1909f56bfc062723c751e8b465ee728b)  -> (artifact id: 'c4ae63be0dacaa38049b25542392ee81') in 0.004754 seconds
Number of updated asset objects reloaded before import = 0
Number of asset objects unloaded after import = 3
========================================================================
Received Import Request.
  Time since last request: 0.029586 seconds.
  path: Assets/Material/Tiles/tileset-sliced_49.asset
  artifactKey: Guid(ef24b5a248f70fc4ea69c2f702d91ca5) Importer(815301076,1909f56bfc062723c751e8b465ee728b)
Start importing Assets/Material/Tiles/tileset-sliced_49.asset using Guid(ef24b5a248f70fc4ea69c2f702d91ca5) Importer(815301076,1909f56bfc062723c751e8b465ee728b)  -> (artifact id: 'a6f46697426abce6cd7096c753ba006f') in 0.004315 seconds
Number of updated asset objects reloaded before import = 0
Number of asset objects unloaded after import = 3
========================================================================
Received Import Request.
  Time since last request: 0.014957 seconds.
  path: Assets/Material/Tiles/tileset-sliced_53.asset
  artifactKey: Guid(bc5bf58f57c58b141acd428885037011) Importer(815301076,1909f56bfc062723c751e8b465ee728b)
Start importing Assets/Material/Tiles/tileset-sliced_53.asset using Guid(bc5bf58f57c58b141acd428885037011) Importer(815301076,1909f56bfc062723c751e8b465ee728b)  -> (artifact id: '064f65a63ae680de6e003bde5c771dd0') in 0.010415 seconds
Number of updated asset objects reloaded before import = 0
Number of asset objects unloaded after import = 3
========================================================================
Received Import Request.
  Time since last request: 0.471773 seconds.
  path: Assets/Material/Tiles/tileset-sliced_57.asset
  artifactKey: Guid(1e09942d0d6857144b578cb6999af54a) Importer(815301076,1909f56bfc062723c751e8b465ee728b)
Start importing Assets/Material/Tiles/tileset-sliced_57.asset using Guid(1e09942d0d6857144b578cb6999af54a) Importer(815301076,1909f56bfc062723c751e8b465ee728b)  -> (artifact id: 'c71270f12250d1d1c3a32ae59024186e') in 0.005183 seconds
Number of updated asset objects reloaded before import = 0
Number of asset objects unloaded after import = 3
========================================================================
Received Import Request.
  Time since last request: 0.022726 seconds.
  path: Assets/Material/Tiles/tileset-sliced_61.asset
  artifactKey: Guid(a4cbed76bb022ea47bf3a014de2e7267) Importer(815301076,1909f56bfc062723c751e8b465ee728b)
Start importing Assets/Material/Tiles/tileset-sliced_61.asset using Guid(a4cbed76bb022ea47bf3a014de2e7267) Importer(815301076,1909f56bfc062723c751e8b465ee728b)  -> (artifact id: '8840311189aaaacb4c4437ab8ae428d0') in 0.004398 seconds
Number of updated asset objects reloaded before import = 0
Number of asset objects unloaded after import = 3
========================================================================
Received Import Request.
  Time since last request: 0.000035 seconds.
  path: Assets/Material/Tiles/tileset-sliced_62.asset
  artifactKey: Guid(4d2525d21ced0964db63bd9e9bfd506a) Importer(815301076,1909f56bfc062723c751e8b465ee728b)
Start importing Assets/Material/Tiles/tileset-sliced_62.asset using Guid(4d2525d21ced0964db63bd9e9bfd506a) Importer(815301076,1909f56bfc062723c751e8b465ee728b)  -> (artifact id: '6e75829fea815d935e3b27b279a4e585') in 0.004943 seconds
Number of updated asset objects reloaded before import = 0
Number of asset objects unloaded after import = 3
========================================================================
Received Import Request.
  Time since last request: 0.004168 seconds.
  path: Assets/Material/Tiles/tileset-sliced_65.asset
  artifactKey: Guid(379db4a3ee03ab74aa415f349f53bd56) Importer(815301076,1909f56bfc062723c751e8b465ee728b)
Start importing Assets/Material/Tiles/tileset-sliced_65.asset using Guid(379db4a3ee03ab74aa415f349f53bd56) Importer(815301076,1909f56bfc062723c751e8b465ee728b)  -> (artifact id: '0309af042b3c93872c16ed69359099f2') in 0.004620 seconds
Number of updated asset objects reloaded before import = 0
Number of asset objects unloaded after import = 3
========================================================================
Received Import Request.
  Time since last request: 0.270157 seconds.
  path: Assets/Material/Tiles/tileset-sliced_69.asset
  artifactKey: Guid(3aecf606d7d5adb4aa52973c241ef743) Importer(815301076,1909f56bfc062723c751e8b465ee728b)
Start importing Assets/Material/Tiles/tileset-sliced_69.asset using Guid(3aecf606d7d5adb4aa52973c241ef743) Importer(815301076,1909f56bfc062723c751e8b465ee728b)  -> (artifact id: '30b0ea44047ef19079f19dd7b93894c1') in 0.004825 seconds
Number of updated asset objects reloaded before import = 0
Number of asset objects unloaded after import = 3
========================================================================
Received Import Request.
  Time since last request: 0.009233 seconds.
  path: Assets/Material/Tiles/tileset-sliced_73.asset
  artifactKey: Guid(0198b3321f111ca4183161a35eab4e02) Importer(815301076,1909f56bfc062723c751e8b465ee728b)
Start importing Assets/Material/Tiles/tileset-sliced_73.asset using Guid(0198b3321f111ca4183161a35eab4e02) Importer(815301076,1909f56bfc062723c751e8b465ee728b)  -> (artifact id: 'cccb585c56ab165aa6972b3b94f89506') in 0.005420 seconds
Number of updated asset objects reloaded before import = 0
Number of asset objects unloaded after import = 3
========================================================================
Received Import Request.
  Time since last request: 0.029249 seconds.
  path: Assets/Material/Tiles/tileset-sliced_77.asset
  artifactKey: Guid(af4bc8ff344e0814d913c54be0d3c39f) Importer(815301076,1909f56bfc062723c751e8b465ee728b)
Start importing Assets/Material/Tiles/tileset-sliced_77.asset using Guid(af4bc8ff344e0814d913c54be0d3c39f) Importer(815301076,1909f56bfc062723c751e8b465ee728b)  -> (artifact id: 'f1d28d75b7f9f74fcb6ebd86923b8792') in 0.004249 seconds
Number of updated asset objects reloaded before import = 0
Number of asset objects unloaded after import = 3
========================================================================
Received Import Request.
  Time since last request: 0.000027 seconds.
  path: Assets/Material/Tiles/tileset-sliced_78.asset
  artifactKey: Guid(fd509799b95d8d44f9f05c8facf194b8) Importer(815301076,1909f56bfc062723c751e8b465ee728b)
Start importing Assets/Material/Tiles/tileset-sliced_78.asset using Guid(fd509799b95d8d44f9f05c8facf194b8) Importer(815301076,1909f56bfc062723c751e8b465ee728b)  -> (artifact id: 'f71d57787e437a1a6be87b3e48687030') in 0.005777 seconds
Number of updated asset objects reloaded before import = 0
Number of asset objects unloaded after import = 3
========================================================================
Received Import Request.
  Time since last request: 0.000017 seconds.
  path: Assets/Material/Tiles/tileset-sliced_79.asset
  artifactKey: Guid(1916f6b393e998f43a7045a84d2af53e) Importer(815301076,1909f56bfc062723c751e8b465ee728b)
Start importing Assets/Material/Tiles/tileset-sliced_79.asset using Guid(1916f6b393e998f43a7045a84d2af53e) Importer(815301076,1909f56bfc062723c751e8b465ee728b)  -> (artifact id: '0314bfc649b700a7ea0a3c481c169905') in 0.004907 seconds
Number of updated asset objects reloaded before import = 0
Number of asset objects unloaded after import = 3
========================================================================
Received Import Request.
  Time since last request: 0.269901 seconds.
  path: Assets/Material/Tiles/tileset-sliced_85.asset
  artifactKey: Guid(6c541dde77544e646a5b6416bea1617e) Importer(815301076,1909f56bfc062723c751e8b465ee728b)
Start importing Assets/Material/Tiles/tileset-sliced_85.asset using Guid(6c541dde77544e646a5b6416bea1617e) Importer(815301076,1909f56bfc062723c751e8b465ee728b)  -> (artifact id: '80ffed688b118e488fca41cf2bf355d7') in 0.004263 seconds
Number of updated asset objects reloaded before import = 0
Number of asset objects unloaded after import = 3
========================================================================
Received Import Request.
  Time since last request: 0.033314 seconds.
  path: Assets/Material/Tiles/tileset-sliced_89.asset
  artifactKey: Guid(9092d5da25ddc0645b470ad4f118e87b) Importer(815301076,1909f56bfc062723c751e8b465ee728b)
Start importing Assets/Material/Tiles/tileset-sliced_89.asset using Guid(9092d5da25ddc0645b470ad4f118e87b) Importer(815301076,1909f56bfc062723c751e8b465ee728b)  -> (artifact id: 'bbddd424e3bd472b306713f304fdcb2c') in 0.010310 seconds
Number of updated asset objects reloaded before import = 0
Number of asset objects unloaded after import = 3
Editor requested this worker to shutdown with reason: Scaling down because of idle timeout
TcpMessagingSession - receive error: operation aborted. errorcode: 995, details: La operación de E/S se anuló por una salida de subproceso o por una solicitud de aplicación.
AssetImportWorker is now disconnected from the server
Process exiting
Exiting without the bug reporter. Application will terminate with return code 0